Microchip MPLAB XC8 Compiler V2.31

Linker command line:

-W-3 --edf=C:\Program Files\Microchip\xc8\v2.31\pic\dat\en_msgs.txt \
  -pivt0x8=08h -cn \
  -h+dist/default/production\Codigo_proyecto.X.production.sym \
  --cmf=dist/default/production\Codigo_proyecto.X.production.cmf -z \
  -Q18F47K42 -oC:\Users\USUARIO\AppData\Local\Temp\sehc.2 \
  --defsym=__MPLAB_BUILD=1 \
  -Mdist/default/production/Codigo_proyecto.X.production.map -E1 \
  -ver=XC8 Compiler --acfsm=1493 -ASTACK=02F4h-01FFFh -pstack=STACK \
  -ACODE=00h-01FFFFh -ACONST=00h-01FFFFh -ASMALLCONST=02000h-020FFhx480 \
  -AMEDIUMCONST=02000h-0FFFFh,012000h-01FFFFh -ACOMRAM=01h-05Fh \
  -AABS1=00h-01FFFh -ABIGRAM=01h-01FFFh -ARAM=060h-0FFh,0100h-01FFhx31 \
  -ABANK0=060h-0FFh -ABANK1=0100h-01FFh -ABANK2=0200h-02FFh \
  -ABANK3=0300h-03FFh -ABANK4=0400h-04FFh -ABANK5=0500h-05FFh \
  -ABANK6=0600h-06FFh -ABANK7=0700h-07FFh -ABANK8=0800h-08FFh \
  -ABANK9=0900h-09FFh -ABANK10=0A00h-0AFFh -ABANK11=0B00h-0BFFh \
  -ABANK12=0C00h-0CFFh -ABANK13=0D00h-0DFFh -ABANK14=0E00h-0EFFh \
  -ABANK15=0F00h-0FFFh -ABANK16=01000h-010FFh -ABANK17=01100h-011FFh \
  -ABANK18=01200h-012FFh -ABANK19=01300h-013FFh -ABANK20=01400h-014FFh \
  -ABANK21=01500h-015FFh -ABANK22=01600h-016FFh -ABANK23=01700h-017FFh \
  -ABANK24=01800h-018FFh -ABANK25=01900h-019FFh -ABANK26=01A00h-01AFFh \
  -ABANK27=01B00h-01BFFh -ABANK28=01C00h-01CFFh -ABANK29=01D00h-01DFFh \
  -ABANK30=01E00h-01EFFh -ABANK31=01F00h-01FFFh \
  -ASFR=03800h-038FFhx7,03F00h-03F5Fh,03F60h-03FFFh \
  -ACONFIG=0300000h-0300009h -AIDLOC=0200000h-020000Fh \
  -AEEDATA=0310000h-03103FFh -peeprom_data=EEDATA -preset_vec=00h \
  -ppowerup=CODE,init -pramtop=02000h -psmallconst=SMALLCONST \
  -pmediumconst=MEDIUMCONST -pconst=CONST -AFARRAM=00h-00h \
  -prdata=COMRAM,nvrram=COMRAM,nvbit=COMRAM,rbss=COMRAM,rbit=COMRAM \
  -pfarbss=FARRAM,fardata=FARRAM,nvFARRAM=FARRAM \
  -pintsave_regs=BIGRAM,bigbss=BIGRAM,bigdata=BIGRAM -pbss=RAM \
  -pidata=CODE,irdata=CODE,ibigdata=CODE,ifardata=CODE -prparam=COMRAM \
  C:\Users\USUARIO\AppData\Local\Temp\sehc.o \
  dist/default/production\Codigo_proyecto.X.production.o 

Object code version is 3.11

Machine type is 18F47K42



                Name                               Link     Load   Length Selector   Space Scale
C:\Users\USUARIO\AppData\Local\Temp\sehc.o
                idloc                            200000   200000       10        0       5
                config                           300000   300000        A        0       4
                init                                 1A       1A        4        4       0
                reset_vec                             0        0        4        0       0
dist/default/production\Codigo_proyecto.X.production.o
                idloc                            200000   200000       10        0       5
                config                           300000   300000        A        0       4
                smallconst                         2000     2000        8     1000       0
                ivt0x8                                8        8       12        4       0
                text26                             3946     3946       28     1004       0
                text25                             39F4     39F4       14     1CEE       0
                text24                             34B6     34B6       B8     1004       0
                text23                             3A3E     3A3E        A     1CEE       0
                text22                             37F4     37F4       68     1004       0
                text21                             3A2C     3A2C       12     1CEE       0
                text20                             3722     3722       6A     1004       0
                text19                             39DC     39DC       18     1CEE       0
                text18                             3618     3618       A0     1004       0
                text17                             3994     3994       24     1004       0
                text16                             396E     396E       26     1004       0
                text15                             3A1A     3A1A       12     1CEE       0
                text14                             38B0     38B0       4E     1004       0
                text13                             31C4     31C4      11A     1004       0
                text12                             2918     2918      39A     1004       0
                text11                             32DE     32DE      108     1004       0
                text10                             36B8     36B8       6A     1004       0
                text9                              3A48     3A48        6     1CEE       0
                text8                              24CA     24CA      44E     1004       0
                text7                              2008     2008      4C2     1004       0
                text6                              38FE     38FE       48     1004       0
                text5                              378C     378C       68     1004       0
                text4                              385C     385C       54     1004       0
                text3                              2E80     2E80      1B4     1004       0
                text2                              33E6     33E6       D0     1004       0
                text1                              3A08     3A08       12     1CEE       0
                text0                              2CB2     2CB2      1CE     1004       0
                cstackCOMRAM                          1        1       3E        1       1
                cstackBANK0                          A1       A1       2B       60       1
                dataBIGRAM                          164      164      190      164       1
                bssBANK1                            100      100       64      100       1
                dataBANK0                            CC       CC       23       60       1
                bssBANK0                             60       60       41       60       1
                dataCOMRAM                           4C       4C        3        1       1
                bssCOMRAM                            3F       3F        D        1       1
                cinit                              356E     356E       AA     1004       0
                nvBANK0                              EF       EF        6       60       1
                idataBANK0                         39B8     39B8       23     1004       0
                idataBIGRAM                        3034     3034      190     1004       0
                idataCOMRAM                        3A4E     3A4E        3     1CEE       0

TOTAL           Name                               Link     Load   Length     Space
        CLASS   STACK          

        CLASS   CODE           
                init                                 1A       1A        4         0
                reset_vec                             0        0        4         0
                ivt0x8                                8        8       12         0
                text26                             3946     3946       28         0
                text25                             39F4     39F4       14         0
                text24                             34B6     34B6       B8         0
                text23                             3A3E     3A3E        A         0
                text22                             37F4     37F4       68         0
                text21                             3A2C     3A2C       12         0
                text20                             3722     3722       6A         0
                text19                             39DC     39DC       18         0
                text18                             3618     3618       A0         0
                text17                             3994     3994       24         0
                text16                             396E     396E       26         0
                text15                             3A1A     3A1A       12         0
                text14                             38B0     38B0       4E         0
                text13                             31C4     31C4      11A         0
                text12                             2918     2918      39A         0
                text11                             32DE     32DE      108         0
                text10                             36B8     36B8       6A         0
                text9                              3A48     3A48        6         0
                text8                              24CA     24CA      44E         0
                text7                              2008     2008      4C2         0
                text6                              38FE     38FE       48         0
                text5                              378C     378C       68         0
                text4                              385C     385C       54         0
                text3                              2E80     2E80      1B4         0
                text2                              33E6     33E6       D0         0
                text1                              3A08     3A08       12         0
                text0                              2CB2     2CB2      1CE         0
                cinit                              356E     356E       AA         0
                idataBANK0                         39B8     39B8       23         0
                idataBIGRAM                        3034     3034      190         0
                idataCOMRAM                        3A4E     3A4E        3         0

        CLASS   CONST          

        CLASS   SMALLCONST     
                smallconst                         2000     2000        8         0

        CLASS   MEDIUMCONST    

        CLASS   COMRAM         
                cstackCOMRAM                          1        1       3E         1
                dataCOMRAM                           4C       4C        3         1
                bssCOMRAM                            3F       3F        D         1

        CLASS   ABS1           

        CLASS   BIGRAM         
                dataBIGRAM                          164      164      190         1

        CLASS   RAM            

        CLASS   BANK0          
                cstackBANK0                          A1       A1       2B         1
                dataBANK0                            CC       CC       23         1
                bssBANK0                             60       60       41         1
                nvBANK0                              EF       EF        6         1

        CLASS   BANK1          
                bssBANK1                            100      100       64         1

        CLASS   BANK2          

        CLASS   BANK3          

        CLASS   BANK4          

        CLASS   BANK5          

        CLASS   BANK6          

        CLASS   BANK7          

        CLASS   BANK8          

        CLASS   BANK9          

        CLASS   BANK10         

        CLASS   BANK11         

        CLASS   BANK12         

        CLASS   BANK13         

        CLASS   BANK14         

        CLASS   BANK15         

        CLASS   BANK16         

        CLASS   BANK17         

        CLASS   BANK18         

        CLASS   BANK19         

        CLASS   BANK20         

        CLASS   BANK21         

        CLASS   BANK22         

        CLASS   BANK23         

        CLASS   BANK24         

        CLASS   BANK25         

        CLASS   BANK26         

        CLASS   BANK27         

        CLASS   BANK28         

        CLASS   BANK29         

        CLASS   BANK30         

        CLASS   BANK31         

        CLASS   SFR            

        CLASS   CONFIG         
                config                           300000   300000        A         4

        CLASS   IDLOC          
                idloc                            200000   200000       10         5

        CLASS   EEDATA         

        CLASS   FARRAM         



SEGMENTS        Name                           Load    Length   Top    Selector   Space  Class

                reset_vec                      000000  000004  000004         0       0  CODE    
                cstackCOMRAM                   000001  00004E  00004F         1       1  COMRAM  
                ivt0x8                         000008  000016  00001E         4       0  CODE    
                bssBANK0                       000060  000095  0000F5        60       1  BANK0   
                bssBANK1                       000100  000064  000164       100       1  BANK1   
                dataBIGRAM                     000164  000190  0002F4       164       1  BIGRAM  
                smallconst                     002000  000008  002008      1000       0  SMALLCON
                text7                          002008  0019D3  0039DB      1004       0  CODE    
                text19                         0039DC  000075  003A51      1CEE       0  CODE    


UNUSED ADDRESS RANGES

        Name                Unused          Largest block    Delta
        BANK0            0000F5-0000FF                B
        BANK10           000A00-000AFF              100
        BANK11           000B00-000BFF              100
        BANK12           000C00-000CFF              100
        BANK13           000D00-000DFF              100
        BANK14           000E00-000EFF              100
        BANK15           000F00-000FFF              100
        BANK16           001000-0010FF              100
        BANK17           001100-0011FF              100
        BANK18           001200-0012FF              100
        BANK19           001300-0013FF              100
        BANK2            0002F4-0002FF                C
        BANK20           001400-0014FF              100
        BANK21           001500-0015FF              100
        BANK22           001600-0016FF              100
        BANK23           001700-0017FF              100
        BANK24           001800-0018FF              100
        BANK25           001900-0019FF              100
        BANK26           001A00-001AFF              100
        BANK27           001B00-001BFF              100
        BANK28           001C00-001CFF              100
        BANK29           001D00-001DFF              100
        BANK3            000300-0003FF              100
        BANK30           001E00-001EFF              100
        BANK31           001F00-001FFF              100
        BANK4            000400-0004FF              100
        BANK5            000500-0005FF              100
        BANK6            000600-0006FF              100
        BANK7            000700-0007FF              100
        BANK8            000800-0008FF              100
        BANK9            000900-0009FF              100
        BIGRAM           00004F-00005F               11
                         0000F5-0000FF                B
                         0002F4-001FFF             1D0C
        CODE             000004-000007                4
                         00001E-001FFF             1FE2
                         0039DB-0039DB                1
                         003A51-01FFFF            1C5AF
        COMRAM           00004F-00005F               11
        CONST            000004-000007                4
                         00001E-001FFF             1FE2
                         0039DB-0039DB                1
                         003A51-01FFFF            1C5AF
        EEDATA           310000-3103FF              400
        MEDIUMCONST      0039DB-0039DB                1
                         003A51-00FFFF             C5AF
                         012000-01FFFF             E000
        RAM              0000F5-0000FF                B
                         0002F4-001FFF              100
        SFR              003800-003FFF              100
        SMALLCONST       0039DB-0039DB                1
                         003A51-01FFFF              100
        STACK            0002F4-001FFF             1D0C

                                  Symbol Table

?___fladd                        cstackBANK0  0000A1
?___fldiv                        cstackCOMRAM 000020
?___flmul                        cstackCOMRAM 000012
?___flsub                        cstackBANK0  0000AD
?___fltol                        cstackBANK0  0000B5
?___xxtofl                       cstackCOMRAM 000012
?_multiplo                       cstackBANK0  0000BD
?_read_adc                       cstackCOMRAM 000001
IVTBASEH                         (abs)        003FD6
IVTBASEL                         (abs)        003FD5
IVTBASEU                         (abs)        003FD7
_ADCLKbits                       (abs)        003EFF
_ADCON0bits                      (abs)        003EF8
_ADCON2bits                      (abs)        003EFA
_ADPCHbits                       (abs)        003EF1
_ADREFbits                       (abs)        003EFD
_ADRESH                          (abs)        003EF0
_ADRESL                          (abs)        003EEF
_ANSELA                          (abs)        003A40
_ANSELB                          (abs)        003A50
_ANSELC                          (abs)        003A60
_ANSELD                          (abs)        003A70
_ANSELE                          (abs)        003A80
_FVRCONbits                      (abs)        003EC1
_INLVLA                          (abs)        003A44
_INLVLB                          (abs)        003A54
_INLVLC                          (abs)        003A64
_INLVLD                          (abs)        003A74
_INLVLE                          (abs)        003A84
_INTCON0bits                     (abs)        003FD2
_ISR                             text20       003722
_LATA                            (abs)        003FBA
_LATB                            (abs)        003FBB
_LATBbits                        (abs)        003FBB
_LATC                            (abs)        003FBC
_LATD                            (abs)        003FBD
_LATDbits                        (abs)        003FBD
_LATE                            (abs)        003FBE
_LATEbits                        (abs)        003FBE
_ODCONA                          (abs)        003A42
_ODCONB                          (abs)        003A52
_ODCONC                          (abs)        003A62
_ODCOND                          (abs)        003A72
_ODCONE                          (abs)        003A82
_OSCCON1                         (abs)        0039D9
_OSCCON3                         (abs)        0039DB
_OSCEN                           (abs)        0039DD
_OSCFRQ                          (abs)        0039DF
_OSCILLATOR_Initialize           text19       0039DC
_OSCTUNE                         (abs)        0039DE
_PIE1bits                        (abs)        003991
_PIE3bits                        (abs)        003993
_PIN_MANAGER_Initialize          text18       003618
_PIR1bits                        (abs)        0039A1
_PIR3bits                        (abs)        0039A3
_PMD0                            (abs)        0039C0
_PMD1                            (abs)        0039C1
_PMD2                            (abs)        0039C2
_PMD3                            (abs)        0039C3
_PMD4                            (abs)        0039C4
_PMD5                            (abs)        0039C5
_PMD6                            (abs)        0039C6
_PMD7                            (abs)        0039C7
_PMD_Initialize                  text17       003994
_RB1I2C                          (abs)        003A5A
_RB2I2C                          (abs)        003A5B
_RC3I2C                          (abs)        003A6A
_RC3PPS                          (abs)        003A13
_RC4I2C                          (abs)        003A6B
_RC5PPS                          (abs)        003A15
_RC6PPS                          (abs)        003A16
_RD0I2C                          (abs)        003A7A
_RD1I2C                          (abs)        003A7B
_SLRCONA                         (abs)        003A43
_SLRCONB                         (abs)        003A53
_SLRCONC                         (abs)        003A63
_SLRCOND                         (abs)        003A73
_SLRCONE                         (abs)        003A83
_SPI1BAUD                        (abs)        003D19
_SPI1CLK                         (abs)        003D1C
_SPI1CON0                        (abs)        003D14
_SPI1CON0bits                    (abs)        003D14
_SPI1CON1                        (abs)        003D15
_SPI1CON2                        (abs)        003D16
_SPI1SCKPPS                      (abs)        003ADE
_SPI1SDIPPS                      (abs)        003ADF
_SPI1STATUSbits                  (abs)        003D17
_SPI1TCNT                        (abs)        003D12
_SPI1TWIDTH                      (abs)        003D18
_SPI1TXB                         (abs)        003D11
_SPI1_Initialize                 text16       00396E
_SYSTEM_Initialize               text15       003A1A
_T0CON0bits                      (abs)        003FB8
_T0CON1bits                      (abs)        003FB9
_TMR0H                           (abs)        003FB7
_TMR0L                           (abs)        003FB6
_TRISA                           (abs)        003FC2
_TRISB                           (abs)        003FC3
_TRISC                           (abs)        003FC4
_TRISCbits                       (abs)        003FC4
_TRISD                           (abs)        003FC5
_TRISE                           (abs)        003FC6
_Ts                              dataBANK0    0000EB
_U1BRGH                          (abs)        003DF6
_U1BRGL                          (abs)        003DF5
_U1CON0bits                      (abs)        003DF2
_U1CON1bits                      (abs)        003DF3
_U1ERRIRbits                     (abs)        003DF9
_U1RXB                           (abs)        003DE8
_U1RXPPS                         (abs)        003AE5
_U1TXB                           (abs)        003DEA
_WPUA                            (abs)        003A41
_WPUB                            (abs)        003A51
_WPUC                            (abs)        003A61
_WPUD                            (abs)        003A71
_WPUE                            (abs)        003A81
__HRAM                           (abs)        000000
__Habs1                          abs1         000000
__Hbank0                         bank0        000000
__Hbank1                         bank1        000000
__Hbank10                        bank10       000000
__Hbank11                        bank11       000000
__Hbank12                        bank12       000000
__Hbank13                        bank13       000000
__Hbank14                        bank14       000000
__Hbank15                        bank15       000000
__Hbank16                        bank16       000000
__Hbank17                        bank17       000000
__Hbank18                        bank18       000000
__Hbank19                        bank19       000000
__Hbank2                         bank2        000000
__Hbank20                        bank20       000000
__Hbank21                        bank21       000000
__Hbank22                        bank22       000000
__Hbank23                        bank23       000000
__Hbank24                        bank24       000000
__Hbank25                        bank25       000000
__Hbank26                        bank26       000000
__Hbank27                        bank27       000000
__Hbank28                        bank28       000000
__Hbank29                        bank29       000000
__Hbank3                         bank3        000000
__Hbank30                        bank30       000000
__Hbank31                        bank31       000000
__Hbank4                         bank4        000000
__Hbank5                         bank5        000000
__Hbank6                         bank6        000000
__Hbank7                         bank7        000000
__Hbank8                         bank8        000000
__Hbank9                         bank9        000000
__Hbigbss                        bigbss       000000
__Hbigdata                       bigdata      000000
__Hbigram                        bigram       000000
__Hbss                           bss          000000
__HbssBANK0                      bssBANK0     000000
__HbssBANK1                      bssBANK1     000000
__HbssCOMRAM                     bssCOMRAM    000000
__Hcinit                         cinit        000000
__Hclrtext                       clrtext      000000
__Hcomram                        comram       000000
__Hconfig                        config       30000A
__Hconst                         const        000000
__HcstackBANK0                   cstackBANK0  000000
__HcstackCOMRAM                  cstackCOMRAM 000000
__Hdata                          data         000000
__HdataBANK0                     dataBANK0    000000
__HdataBIGRAM                    dataBIGRAM   000000
__HdataCOMRAM                    dataCOMRAM   000000
__Heeprom_data                   eeprom_data  000000
__Hfarbss                        farbss       000000
__Hfardata                       fardata      000000
__Hibigdata                      ibigdata     000000
__Hidata                         idata        000000
__HidataBANK0                    idataBANK0   000000
__HidataBIGRAM                   idataBIGRAM  000000
__HidataCOMRAM                   idataCOMRAM  000000
__Hidloc                         idloc        200010
__Hifardata                      ifardata     000000
__Hinit                          init         00001E
__Hintsave_regs                  intsave_regs 000000
__Hirdata                        irdata       000000
__Hivt0x8                        ivt0x8       00001A
__Hmediumconst                   mediumconst  000000
__HnvBANK0                       nvBANK0      000000
__HnvFARRAM                      nvFARRAM     000000
__Hnvbit                         nvbit        000000
__Hnvrram                        nvrram       000000
__Hparam                         rparam       000000
__Hpowerup                       powerup      000000
__Hram                           ram          000000
__Hramtop                        ramtop       002000
__Hrbit                          rbit         000000
__Hrbss                          rbss         000000
__Hrdata                         rdata        000000
__Hreset_vec                     reset_vec    000004
__Hrparam                        rparam       000000
__Hsfr                           sfr          000000
__Hsmallconst                    smallconst   002008
__Hspace_0                       (abs)        003A51
__Hspace_1                       (abs)        0002F4
__Hspace_2                       (abs)        000000
__Hspace_4                       (abs)        60000A
__Hstack                         stack        000000
__Hstruct                        struct       000000
__Htemp                          temp         000000
__Htext                          text         000000
__Htext0                         text0        000000
__Htext1                         text1        000000
__Htext10                        text10       000000
__Htext11                        text11       000000
__Htext12                        text12       000000
__Htext13                        text13       000000
__Htext14                        text14       000000
__Htext15                        text15       000000
__Htext16                        text16       000000
__Htext17                        text17       000000
__Htext18                        text18       000000
__Htext19                        text19       000000
__Htext2                         text2        000000
__Htext20                        text20       000000
__Htext21                        text21       000000
__Htext22                        text22       000000
__Htext23                        text23       000000
__Htext24                        text24       000000
__Htext25                        text25       000000
__Htext26                        text26       000000
__Htext3                         text3        000000
__Htext4                         text4        000000
__Htext5                         text5        000000
__Htext6                         text6        000000
__Htext7                         text7        000000
__Htext8                         text8        000000
__Htext9                         text9        000000
__LRAM                           (abs)        000001
__Labs1                          abs1         000000
__Lbank0                         bank0        000000
__Lbank1                         bank1        000000
__Lbank10                        bank10       000000
__Lbank11                        bank11       000000
__Lbank12                        bank12       000000
__Lbank13                        bank13       000000
__Lbank14                        bank14       000000
__Lbank15                        bank15       000000
__Lbank16                        bank16       000000
__Lbank17                        bank17       000000
__Lbank18                        bank18       000000
__Lbank19                        bank19       000000
__Lbank2                         bank2        000000
__Lbank20                        bank20       000000
__Lbank21                        bank21       000000
__Lbank22                        bank22       000000
__Lbank23                        bank23       000000
__Lbank24                        bank24       000000
__Lbank25                        bank25       000000
__Lbank26                        bank26       000000
__Lbank27                        bank27       000000
__Lbank28                        bank28       000000
__Lbank29                        bank29       000000
__Lbank3                         bank3        000000
__Lbank30                        bank30       000000
__Lbank31                        bank31       000000
__Lbank4                         bank4        000000
__Lbank5                         bank5        000000
__Lbank6                         bank6        000000
__Lbank7                         bank7        000000
__Lbank8                         bank8        000000
__Lbank9                         bank9        000000
__Lbigbss                        bigbss       000000
__Lbigdata                       bigdata      000000
__Lbigram                        bigram       000000
__Lbss                           bss          000000
__LbssBANK0                      bssBANK0     000000
__LbssBANK1                      bssBANK1     000000
__LbssCOMRAM                     bssCOMRAM    000000
__Lcinit                         cinit        000000
__Lclrtext                       clrtext      000000
__Lcomram                        comram       000000
__Lconfig                        config       000000
__Lconst                         const        000000
__LcstackBANK0                   cstackBANK0  000000
__LcstackCOMRAM                  cstackCOMRAM 000000
__Ldata                          data         000000
__LdataBANK0                     dataBANK0    000000
__LdataBIGRAM                    dataBIGRAM   000000
__LdataCOMRAM                    dataCOMRAM   000000
__Leeprom_data                   eeprom_data  000000
__Lfarbss                        farbss       000000
__Lfardata                       fardata      000000
__Libigdata                      ibigdata     000000
__Lidata                         idata        000000
__LidataBANK0                    idataBANK0   000000
__LidataBIGRAM                   idataBIGRAM  000000
__LidataCOMRAM                   idataCOMRAM  000000
__Lidloc                         idloc        000000
__Lifardata                      ifardata     000000
__Linit                          init         00001A
__Lintsave_regs                  intsave_regs 000000
__Lirdata                        irdata       000000
__Livt0x8                        ivt0x8       000008
__Lmediumconst                   mediumconst  000000
__LnvBANK0                       nvBANK0      000000
__LnvFARRAM                      nvFARRAM     000000
__Lnvbit                         nvbit        000000
__Lnvrram                        nvrram       000000
__Lparam                         rparam       000000
__Lpowerup                       powerup      000000
__Lram                           ram          000000
__Lramtop                        ramtop       002000
__Lrbit                          rbit         000000
__Lrbss                          rbss         000000
__Lrdata                         rdata        000000
__Lreset_vec                     reset_vec    000000
__Lrparam                        rparam       000000
__Lsfr                           sfr          000000
__Lsmallconst                    smallconst   002000
__Lspace_0                       (abs)        000000
__Lspace_1                       (abs)        000000
__Lspace_2                       (abs)        000000
__Lspace_4                       (abs)        000000
__Lstack                         stack        000000
__Lstruct                        struct       000000
__Ltemp                          temp         000000
__Ltext                          text         000000
__Ltext0                         text0        000000
__Ltext1                         text1        000000
__Ltext10                        text10       000000
__Ltext11                        text11       000000
__Ltext12                        text12       000000
__Ltext13                        text13       000000
__Ltext14                        text14       000000
__Ltext15                        text15       000000
__Ltext16                        text16       000000
__Ltext17                        text17       000000
__Ltext18                        text18       000000
__Ltext19                        text19       000000
__Ltext2                         text2        000000
__Ltext20                        text20       000000
__Ltext21                        text21       000000
__Ltext22                        text22       000000
__Ltext23                        text23       000000
__Ltext24                        text24       000000
__Ltext25                        text25       000000
__Ltext26                        text26       000000
__Ltext3                         text3        000000
__Ltext4                         text4        000000
__Ltext5                         text5        000000
__Ltext6                         text6        000000
__Ltext7                         text7        000000
__Ltext8                         text8        000000
__Ltext9                         text9        000000
__S0                             (abs)        003A51
__S1                             (abs)        0002F4
__S2                             (abs)        000000
__S4                             (abs)        000000
__S5                             (abs)        000000
___fladd                         text7        002008
___fladd@a                       cstackBANK0  0000A5
___fladd@aexp                    cstackBANK0  0000AA
___fladd@b                       cstackBANK0  0000A1
___fladd@bexp                    cstackBANK0  0000AB
___fladd@grs                     cstackBANK0  0000AC
___fladd@signs                   cstackBANK0  0000A9
___fldiv                         text12       002918
___fldiv@a                       cstackCOMRAM 000024
___fldiv@aexp                    cstackCOMRAM 000038
___fldiv@b                       cstackCOMRAM 000020
___fldiv@bexp                    cstackCOMRAM 000037
___fldiv@grs                     cstackCOMRAM 000033
___fldiv@new_exp                 cstackCOMRAM 000031
___fldiv@rem                     cstackCOMRAM 00002C
___fldiv@sign                    cstackCOMRAM 000030
___flmul                         text8        0024CA
___flmul@a                       cstackCOMRAM 000016
___flmul@aexp                    cstackCOMRAM 000023
___flmul@b                       cstackCOMRAM 000012
___flmul@bexp                    cstackCOMRAM 000024
___flmul@grs                     cstackCOMRAM 00001F
___flmul@prod                    cstackCOMRAM 000025
___flmul@sign                    cstackCOMRAM 00001E
___flmul@temp                    cstackCOMRAM 000029
___flsub                         text6        0038FE
___flsub@a                       cstackBANK0  0000B1
___flsub@b                       cstackBANK0  0000AD
___fltol                         text11       0032DE
___fltol@exp1                    cstackCOMRAM 00003E
___fltol@f1                      cstackBANK0  0000B5
___fltol@sign1                   cstackCOMRAM 00003D
___inthi_sp                      stack        000000
___intlo_sp                      stack        000000
___param_bank                    (abs)        000000
___rparam_used                   (abs)        000001
___sp                            stack        000000
___xxtofl                        text3        002E80
___xxtofl@arg                    cstackCOMRAM 00001C
___xxtofl@exp                    cstackCOMRAM 00001B
___xxtofl@sign                   cstackCOMRAM 00001A
___xxtofl@val                    cstackCOMRAM 000012
__accesstop                      (abs)        000060
__activetblptr                   (abs)        000001
__end_of_ISR                     text20       00378C
__end_of_OSCILLATOR_Initialize   text19       0039F4
__end_of_PIN_MANAGER_Initialize  text18       0036B8
__end_of_PMD_Initialize          text17       0039B8
__end_of_SPI1_Initialize         text16       003994
__end_of_SYSTEM_Initialize       text15       003A2C
__end_of___fladd                 text7        0024CA
__end_of___fldiv                 text12       002CB2
__end_of___flmul                 text8        002918
__end_of___flsub                 text6        003946
__end_of___fltol                 text11       0033E6
__end_of___xxtofl                text3        003034
__end_of__initialization         cinit        00360A
__end_of_adc_config              text14       0038FE
__end_of_bcd_2_hexascii          text13       0032DE
__end_of_initial_count           text5        0037F4
__end_of_main                    text0        002E80
__end_of_multiplo                text10       003722
__end_of_read_adc                text26       00396E
__end_of_read_n_adc              text24       00356E
__end_of_send_buffer             text22       00385C
__end_of_spi1_configuration      smallconst   002006
__end_of_start_conversion        text25       003A08
__end_of_start_tx                text9        003A4E
__end_of_timer0_config           text4        0038B0
__end_of_timer0_reset            text21       003A3E
__end_of_uart_config             text2        0034B6
__end_of_uart_tx                 text23       003A48
__end_of_voltage_ref_config      text1        003A1A
__initialization                 cinit        00356E
__mediumconst                    mediumconst  000000
__pbssBANK0                      bssBANK0     000060
__pbssBANK1                      bssBANK1     000100
__pbssCOMRAM                     bssCOMRAM    00003F
__pcinit                         cinit        00356E
__pcstackBANK0                   cstackBANK0  0000A1
__pcstackCOMRAM                  cstackCOMRAM 000001
__pdataBANK0                     dataBANK0    0000CC
__pdataBIGRAM                    dataBIGRAM   000164
__pdataCOMRAM                    dataCOMRAM   00004C
__pidataBANK0                    idataBANK0   0039B8
__pidataBIGRAM                   idataBIGRAM  003034
__pidataCOMRAM                   idataCOMRAM  003A4E
__pivt0x8                        ivt0x8       000008
__pnvBANK0                       nvBANK0      0000EF
__psmallconst                    smallconst   002000
__ptext0                         text0        002CB2
__ptext1                         text1        003A08
__ptext10                        text10       0036B8
__ptext11                        text11       0032DE
__ptext12                        text12       002918
__ptext13                        text13       0031C4
__ptext14                        text14       0038B0
__ptext15                        text15       003A1A
__ptext16                        text16       00396E
__ptext17                        text17       003994
__ptext18                        text18       003618
__ptext19                        text19       0039DC
__ptext2                         text2        0033E6
__ptext20                        text20       003722
__ptext21                        text21       003A2C
__ptext22                        text22       0037F4
__ptext23                        text23       003A3E
__ptext24                        text24       0034B6
__ptext25                        text25       0039F4
__ptext26                        text26       003946
__ptext3                         text3        002E80
__ptext4                         text4        00385C
__ptext5                         text5        00378C
__ptext6                         text6        0038FE
__ptext7                         text7        002008
__ptext8                         text8        0024CA
__ptext9                         text9        003A48
__ramtop                         ramtop       002000
__size_of_ISR                    (abs)        000000
__size_of_OSCILLATOR_Initialize  (abs)        000000
__size_of_PIN_MANAGER_Initialize (abs)        000000
__size_of_PMD_Initialize         (abs)        000000
__size_of_SPI1_Initialize        (abs)        000000
__size_of_SYSTEM_Initialize      (abs)        000000
__size_of___fladd                (abs)        000000
__size_of___fldiv                (abs)        000000
__size_of___flmul                (abs)        000000
__size_of___flsub                (abs)        000000
__size_of___fltol                (abs)        000000
__size_of___xxtofl               (abs)        000000
__size_of_adc_config             (abs)        000000
__size_of_bcd_2_hexascii         (abs)        000000
__size_of_initial_count          (abs)        000000
__size_of_main                   (abs)        000000
__size_of_multiplo               (abs)        000000
__size_of_read_adc               (abs)        000000
__size_of_read_n_adc             (abs)        000000
__size_of_send_buffer            (abs)        000000
__size_of_start_conversion       (abs)        000000
__size_of_start_tx               (abs)        000000
__size_of_timer0_config          (abs)        000000
__size_of_timer0_reset           (abs)        000000
__size_of_uart_config            (abs)        000000
__size_of_uart_tx                (abs)        000000
__size_of_voltage_ref_config     (abs)        000000
__smallconst                     smallconst   002000
_adc_config                      text14       0038B0
_bcd_2_hexascii                  text13       0031C4
_bcd_2_hexascii$1437             cstackCOMRAM 00001A
_bcd_2_hexascii$1438             cstackCOMRAM 00001C
_bcd_2_hexascii$1439             cstackCOMRAM 00001E
_bufferrx_pointer                bssCOMRAM    000045
_buffertx                        bssBANK1     000100
_buffertx_pointer                bssCOMRAM    000047
_canal_actual                    bssCOMRAM    00004B
_clk_freq                        dataBANK0    0000D2
_coef1                           dataBANK0    0000CC
_command                         bssBANK0     000088
_command_bcd                     bssCOMRAM    000043
_command_length                  dataCOMRAM   00004C
_count                           bssCOMRAM    000041
_des_Ts                          dataBANK0    0000E7
_des_Ts2                         bssBANK0     00009D
_filtro_fir_1                    bssBANK0     00006C
_freq                            nvBANK0      0000EF
_init_count                      nvBANK0      0000F3
_initial_count                   text5        00378C
_j                               bssCOMRAM    00003F
_k                               bssBANK0     00008D
_k2                              bssBANK0     00008B
_lectura_done                    bssBANK0     000090
_lecturas                        bssBANK0     000091
_lecturas_ascii                  dataBANK0    0000DA
_lecturas_filtradas              bssBANK0     000060
_lecturas_promediadas            bssBANK0     00007A
_len_buffertx                    dataCOMRAM   00004E
_main                            text0        002CB2
_multiplo                        text10       0036B8
_n1                              dataBANK0    0000D6
_n_canales                       dataCOMRAM   00004D
_out                             bssBANK0     000080
_out_filtro                      bssBANK0     000084
_prueba                          bssCOMRAM    000049
_ps                              dataBANK0    0000D8
_read_adc                        text26       003946
_read_n_adc                      text24       0034B6
_rx_done                         bssCOMRAM    00004A
_sample                          bssBANK0     00008F
_send_buffer                     text22       0037F4
_signal                          dataBIGRAM   000164
_start_conversion                text25       0039F4
_start_tx                        text9        003A48
_timer0_config                   text4        00385C
_timer0_reset                    text21       003A2C
_uart_config                     text2        0033E6
_uart_tx                         text23       003A3E
_voltage_ref_config              text1        003A08
_x1                              bssBANK0     000074
adc_config@interrupt_ena         cstackCOMRAM 000012
bcd_2_hexascii@desfase           cstackCOMRAM 000016
bcd_2_hexascii@dig0              cstackCOMRAM 000020
bcd_2_hexascii@dig1              cstackCOMRAM 000021
bcd_2_hexascii@dig2              cstackCOMRAM 000022
bcd_2_hexascii@digits_ascii      cstackCOMRAM 000014
bcd_2_hexascii@number            cstackCOMRAM 000012
end_of_initialization            cinit        00360A
initial_count@T                  cstackBANK0  0000BD
intlevel0                        text         000000
intlevel1                        text         000000
intlevel2                        text         000000
intlevel3                        text         000000
ivt0x8_base                      ivt0x8       000008
multiplo@Ts                      cstackBANK0  0000BD
multiplo@des_Ts                  cstackBANK0  0000BF
read_adc@result                  cstackCOMRAM 000005
read_n_adc@canal_actual          cstackCOMRAM 000009
read_n_adc@lecturas              cstackCOMRAM 000007
read_n_adc@n_canales             cstackCOMRAM 00000B
send_buffer@array                cstackCOMRAM 000002
send_buffer@bytes_2_sent         cstackCOMRAM 000006
stackhi                          (abs)        001FFF
stacklo                          (abs)        0002F4
start                            init         00001A
start_conversion@channel         cstackCOMRAM 000001
start_initialization             cinit        00356E
uart_config@baud_rate            cstackBANK0  0000C6
uart_config@des_baud_rate        cstackBANK0  0000BD
uart_config@interrupt_ena        cstackBANK0  0000C1
uart_tx@data                     cstackCOMRAM 000001


FUNCTION INFORMATION:

 *************** function _main *****************
 Defined at:
		line 98 in file "main.c"
 Parameters:    Size  Location     Type
		None
 Auto vars:     Size  Location     Type
		None
 Return value:  Size  Location     Type
                  1    wreg      void 
 Registers used:
		wreg, fsr2l, fsr2h, status,2, status,0, prodl, prodh, cstack
 Tracked objects:
		On entry : 
		On exit  : 
		Unchanged: 
 Data sizes:     COMRAM   BANK0   BANK1   BANK2   BANK3   BANK4   BANK5   BANK6   BANK7   BANK8   BANK9  BANK10  BANK11  BANK12  BANK13  BANK14  BANK15  BANK16  BANK17  BANK18  BANK19  BANK20  BANK21  BANK22  BANK23  BANK24  BANK25  BANK26  BANK27  BANK28  BANK29  BANK30  BANK31
      Params:         0       0       0       0       0       0       0       0       0       0       0       0       0       0       0       0       0       0       0       0       0       0       0       0       0       0       0       0       0       0       0       0       0
      Locals:         0       0       0       0       0       0       0       0       0       0       0       0       0       0       0       0       0       0       0       0       0       0       0       0       0       0       0       0       0       0       0       0       0
      Temps:          0       4       0       0       0       0       0       0       0       0       0       0       0       0       0       0       0       0       0       0       0       0       0       0       0       0       0       0       0       0       0       0       0
      Totals:         0       4       0       0       0       0       0       0       0       0       0       0       0       0       0       0       0       0       0       0       0       0       0       0       0       0       0       0       0       0       0       0       0
Total ram usage:        4 bytes
 Hardware stack levels required when called:    7
 This function calls:
		_SYSTEM_Initialize
		_adc_config
		_bcd_2_hexascii
		_multiplo
		_start_tx
		_timer0_config
		_uart_config
		_voltage_ref_config
 This function is called by:
		Startup code after reset
 This function uses a non-reentrant model


 *************** function _voltage_ref_config *****************
 Defined at:
		line 5 in file "adc.c"
 Parameters:    Size  Location     Type
		None
 Auto vars:     Size  Location     Type
		None
 Return value:  Size  Location     Type
                  1    wreg      void 
 Registers used:
		wreg, status,2
 Tracked objects:
		On entry : 
		On exit  : 
		Unchanged: 
 Data sizes:     COMRAM   BANK0   BANK1   BANK2   BANK3   BANK4   BANK5   BANK6   BANK7   BANK8   BANK9  BANK10  BANK11  BANK12  BANK13  BANK14  BANK15  BANK16  BANK17  BANK18  BANK19  BANK20  BANK21  BANK22  BANK23  BANK24  BANK25  BANK26  BANK27  BANK28  BANK29  BANK30  BANK31
      Params:         0       0       0       0       0       0       0       0       0       0       0       0       0       0       0       0       0       0       0       0       0       0       0       0       0       0       0       0       0       0       0       0       0
      Locals:         0       0       0       0       0       0       0       0       0       0       0       0       0       0       0       0       0       0       0       0       0       0       0       0       0       0       0       0       0       0       0       0       0
      Temps:          0       0       0       0       0       0       0       0       0       0       0       0       0       0       0       0       0       0       0       0       0       0       0       0       0       0       0       0       0       0       0       0       0
      Totals:         0       0       0       0       0       0       0       0       0       0       0       0       0       0       0       0       0       0       0       0       0       0       0       0       0       0       0       0       0       0       0       0       0
Total ram usage:        0 bytes
 Hardware stack levels used:    1
 Hardware stack levels required when called:    3
 This function calls:
		Nothing
 This function is called by:
		_main
 This function uses a non-reentrant model


 *************** function _uart_config *****************
 Defined at:
		line 67 in file "uart.c"
 Parameters:    Size  Location     Type
  des_baud_rat    4   28[BANK0 ] unsigned long 
  interrupt_en    1   32[BANK0 ] unsigned char 
 Auto vars:     Size  Location     Type
  baud_rate       2   37[BANK0 ] unsigned short 
 Return value:  Size  Location     Type
                  1    wreg      void 
 Registers used:
		wreg, status,2, status,0, cstack
 Tracked objects:
		On entry : 
		On exit  : 
		Unchanged: 
 Data sizes:     COMRAM   BANK0   BANK1   BANK2   BANK3   BANK4   BANK5   BANK6   BANK7   BANK8   BANK9  BANK10  BANK11  BANK12  BANK13  BANK14  BANK15  BANK16  BANK17  BANK18  BANK19  BANK20  BANK21  BANK22  BANK23  BANK24  BANK25  BANK26  BANK27  BANK28  BANK29  BANK30  BANK31
      Params:         0       5       0       0       0       0       0       0       0       0       0       0       0       0       0       0       0       0       0       0       0       0       0       0       0       0       0       0       0       0       0       0       0
      Locals:         0       2       0       0       0       0       0       0       0       0       0       0       0       0       0       0       0       0       0       0       0       0       0       0       0       0       0       0       0       0       0       0       0
      Temps:          0       4       0       0       0       0       0       0       0       0       0       0       0       0       0       0       0       0       0       0       0       0       0       0       0       0       0       0       0       0       0       0       0
      Totals:         0      11       0       0       0       0       0       0       0       0       0       0       0       0       0       0       0       0       0       0       0       0       0       0       0       0       0       0       0       0       0       0       0
Total ram usage:       11 bytes
 Hardware stack levels used:    1
 Hardware stack levels required when called:    4
 This function calls:
		___fladd
		___fldiv
		___fltol
		___xxtofl
 This function is called by:
		_main
 This function uses a non-reentrant model


 *************** function ___xxtofl *****************
 Defined at:
		line 10 in file "C:\Program Files\Microchip\xc8\v2.31\pic\sources\c99\common\xxtofl.c"
 Parameters:    Size  Location     Type
  sign            1    wreg     unsigned char 
  val             4   17[COMRAM] long 
 Auto vars:     Size  Location     Type
  sign            1   25[COMRAM] unsigned char 
  arg             4   27[COMRAM] unsigned long 
  exp             1   26[COMRAM] unsigned char 
 Return value:  Size  Location     Type
                  4   17[COMRAM] unsigned char 
 Registers used:
		wreg, status,2, status,0
 Tracked objects:
		On entry : 
		On exit  : 
		Unchanged: 
 Data sizes:     COMRAM   BANK0   BANK1   BANK2   BANK3   BANK4   BANK5   BANK6   BANK7   BANK8   BANK9  BANK10  BANK11  BANK12  BANK13  BANK14  BANK15  BANK16  BANK17  BANK18  BANK19  BANK20  BANK21  BANK22  BANK23  BANK24  BANK25  BANK26  BANK27  BANK28  BANK29  BANK30  BANK31
      Params:         4       0       0       0       0       0       0       0       0       0       0       0       0       0       0       0       0       0       0       0       0       0       0       0       0       0       0       0       0       0       0       0       0
      Locals:         6       0       0       0       0       0       0       0       0       0       0       0       0       0       0       0       0       0       0       0       0       0       0       0       0       0       0       0       0       0       0       0       0
      Temps:          4       0       0       0       0       0       0       0       0       0       0       0       0       0       0       0       0       0       0       0       0       0       0       0       0       0       0       0       0       0       0       0       0
      Totals:        14       0       0       0       0       0       0       0       0       0       0       0       0       0       0       0       0       0       0       0       0       0       0       0       0       0       0       0       0       0       0       0       0
Total ram usage:       14 bytes
 Hardware stack levels used:    1
 Hardware stack levels required when called:    3
 This function calls:
		Nothing
 This function is called by:
		_timer0_config
		_uart_config
		_scale_read
		_filtrar_seccion_iir
 This function uses a non-reentrant model


 *************** function _timer0_config *****************
 Defined at:
		line 13 in file "timer0.c"
 Parameters:    Size  Location     Type
		None
 Auto vars:     Size  Location     Type
		None
 Return value:  Size  Location     Type
                  1    wreg      void 
 Registers used:
		wreg, status,2, status,0, prodl, prodh, cstack
 Tracked objects:
		On entry : 
		On exit  : 
		Unchanged: 
 Data sizes:     COMRAM   BANK0   BANK1   BANK2   BANK3   BANK4   BANK5   BANK6   BANK7   BANK8   BANK9  BANK10  BANK11  BANK12  BANK13  BANK14  BANK15  BANK16  BANK17  BANK18  BANK19  BANK20  BANK21  BANK22  BANK23  BANK24  BANK25  BANK26  BANK27  BANK28  BANK29  BANK30  BANK31
      Params:         0       0       0       0       0       0       0       0       0       0       0       0       0       0       0       0       0       0       0       0       0       0       0       0       0       0       0       0       0       0       0       0       0
      Locals:         0       0       0       0       0       0       0       0       0       0       0       0       0       0       0       0       0       0       0       0       0       0       0       0       0       0       0       0       0       0       0       0       0
      Temps:          0       0       0       0       0       0       0       0       0       0       0       0       0       0       0       0       0       0       0       0       0       0       0       0       0       0       0       0       0       0       0       0       0
      Totals:         0       0       0       0       0       0       0       0       0       0       0       0       0       0       0       0       0       0       0       0       0       0       0       0       0       0       0       0       0       0       0       0       0
Total ram usage:        0 bytes
 Hardware stack levels used:    1
 Hardware stack levels required when called:    6
 This function calls:
		_initial_count
 This function is called by:
		_main
 This function uses a non-reentrant model


 *************** function _initial_count *****************
 Defined at:
		line 9 in file "timer0.c"
 Parameters:    Size  Location     Type
  T               4   28[BANK0 ] float 
 Auto vars:     Size  Location     Type
		None
 Return value:  Size  Location     Type
                  1    wreg      void 
 Registers used:
		wreg, status,2, status,0, prodl, prodh, cstack
 Tracked objects:
		On entry : 
		On exit  : 
		Unchanged: 
 Data sizes:     COMRAM   BANK0   BANK1   BANK2   BANK3   BANK4   BANK5   BANK6   BANK7   BANK8   BANK9  BANK10  BANK11  BANK12  BANK13  BANK14  BANK15  BANK16  BANK17  BANK18  BANK19  BANK20  BANK21  BANK22  BANK23  BANK24  BANK25  BANK26  BANK27  BANK28  BANK29  BANK30  BANK31
      Params:         0       4       0       0       0       0       0       0       0       0       0       0       0       0       0       0       0       0       0       0       0       0       0       0       0       0       0       0       0       0       0       0       0
      Locals:         0       0       0       0       0       0       0       0       0       0       0       0       0       0       0       0       0       0       0       0       0       0       0       0       0       0       0       0       0       0       0       0       0
      Temps:          0       0       0       0       0       0       0       0       0       0       0       0       0       0       0       0       0       0       0       0       0       0       0       0       0       0       0       0       0       0       0       0       0
      Totals:         0       4       0       0       0       0       0       0       0       0       0       0       0       0       0       0       0       0       0       0       0       0       0       0       0       0       0       0       0       0       0       0       0
Total ram usage:        4 bytes
 Hardware stack levels used:    1
 Hardware stack levels required when called:    5
 This function calls:
		___flmul
		___flsub
		___fltol
 This function is called by:
		_timer0_config
 This function uses a non-reentrant model


 *************** function ___flsub *****************
 Defined at:
		line 245 in file "C:\Program Files\Microchip\xc8\v2.31\pic\sources\c99\common\sprcadd.c"
 Parameters:    Size  Location     Type
  b               4   12[BANK0 ] void 
  a               4   16[BANK0 ] void 
 Auto vars:     Size  Location     Type
		None
 Return value:  Size  Location     Type
                  4   12[BANK0 ] void 
 Registers used:
		wreg, status,2, status,0, cstack
 Tracked objects:
		On entry : 
		On exit  : 
		Unchanged: 
 Data sizes:     COMRAM   BANK0   BANK1   BANK2   BANK3   BANK4   BANK5   BANK6   BANK7   BANK8   BANK9  BANK10  BANK11  BANK12  BANK13  BANK14  BANK15  BANK16  BANK17  BANK18  BANK19  BANK20  BANK21  BANK22  BANK23  BANK24  BANK25  BANK26  BANK27  BANK28  BANK29  BANK30  BANK31
      Params:         0       8       0       0       0       0       0       0       0       0       0       0       0       0       0       0       0       0       0       0       0       0       0       0       0       0       0       0       0       0       0       0       0
      Locals:         0       0       0       0       0       0       0       0       0       0       0       0       0       0       0       0       0       0       0       0       0       0       0       0       0       0       0       0       0       0       0       0       0
      Temps:          0       0       0       0       0       0       0       0       0       0       0       0       0       0       0       0       0       0       0       0       0       0       0       0       0       0       0       0       0       0       0       0       0
      Totals:         0       8       0       0       0       0       0       0       0       0       0       0       0       0       0       0       0       0       0       0       0       0       0       0       0       0       0       0       0       0       0       0       0
Total ram usage:        8 bytes
 Hardware stack levels used:    1
 Hardware stack levels required when called:    4
 This function calls:
		___fladd
 This function is called by:
		_initial_count
		_filtrar_seccion_iir
 This function uses a non-reentrant model


 *************** function ___fladd *****************
 Defined at:
		line 10 in file "C:\Program Files\Microchip\xc8\v2.31\pic\sources\c99\common\sprcadd.c"
 Parameters:    Size  Location     Type
  b               4    0[BANK0 ] void 
  a               4    4[BANK0 ] void 
 Auto vars:     Size  Location     Type
  grs             1   11[BANK0 ] unsigned char 
  bexp            1   10[BANK0 ] unsigned char 
  aexp            1    9[BANK0 ] unsigned char 
  signs           1    8[BANK0 ] unsigned char 
 Return value:  Size  Location     Type
                  4    0[BANK0 ] unsigned char 
 Registers used:
		wreg, status,2, status,0
 Tracked objects:
		On entry : 
		On exit  : 
		Unchanged: 
 Data sizes:     COMRAM   BANK0   BANK1   BANK2   BANK3   BANK4   BANK5   BANK6   BANK7   BANK8   BANK9  BANK10  BANK11  BANK12  BANK13  BANK14  BANK15  BANK16  BANK17  BANK18  BANK19  BANK20  BANK21  BANK22  BANK23  BANK24  BANK25  BANK26  BANK27  BANK28  BANK29  BANK30  BANK31
      Params:         0       8       0       0       0       0       0       0       0       0       0       0       0       0       0       0       0       0       0       0       0       0       0       0       0       0       0       0       0       0       0       0       0
      Locals:         0       4       0       0       0       0       0       0       0       0       0       0       0       0       0       0       0       0       0       0       0       0       0       0       0       0       0       0       0       0       0       0       0
      Temps:          4       0       0       0       0       0       0       0       0       0       0       0       0       0       0       0       0       0       0       0       0       0       0       0       0       0       0       0       0       0       0       0       0
      Totals:         4      12       0       0       0       0       0       0       0       0       0       0       0       0       0       0       0       0       0       0       0       0       0       0       0       0       0       0       0       0       0       0       0
Total ram usage:       16 bytes
 Hardware stack levels used:    1
 Hardware stack levels required when called:    3
 This function calls:
		Nothing
 This function is called by:
		_uart_config
		___flsub
		_filtrar_seccion_iir
 This function uses a non-reentrant model


 *************** function ___flmul *****************
 Defined at:
		line 8 in file "C:\Program Files\Microchip\xc8\v2.31\pic\sources\c99\common\sprcmul.c"
 Parameters:    Size  Location     Type
  b               4   17[COMRAM] unsigned char 
  a               4   21[COMRAM] unsigned char 
 Auto vars:     Size  Location     Type
  prod            4   36[COMRAM] struct .
  grs             4   30[COMRAM] unsigned long 
  temp            2   40[COMRAM] struct .
  bexp            1   35[COMRAM] unsigned char 
  aexp            1   34[COMRAM] unsigned char 
  sign            1   29[COMRAM] unsigned char 
 Return value:  Size  Location     Type
                  4   17[COMRAM] unsigned char 
 Registers used:
		wreg, status,2, status,0, prodl, prodh
 Tracked objects:
		On entry : 
		On exit  : 
		Unchanged: 
 Data sizes:     COMRAM   BANK0   BANK1   BANK2   BANK3   BANK4   BANK5   BANK6   BANK7   BANK8   BANK9  BANK10  BANK11  BANK12  BANK13  BANK14  BANK15  BANK16  BANK17  BANK18  BANK19  BANK20  BANK21  BANK22  BANK23  BANK24  BANK25  BANK26  BANK27  BANK28  BANK29  BANK30  BANK31
      Params:         8       0       0       0       0       0       0       0       0       0       0       0       0       0       0       0       0       0       0       0       0       0       0       0       0       0       0       0       0       0       0       0       0
      Locals:        13       0       0       0       0       0       0       0       0       0       0       0       0       0       0       0       0       0       0       0       0       0       0       0       0       0       0       0       0       0       0       0       0
      Temps:          4       0       0       0       0       0       0       0       0       0       0       0       0       0       0       0       0       0       0       0       0       0       0       0       0       0       0       0       0       0       0       0       0
      Totals:        25       0       0       0       0       0       0       0       0       0       0       0       0       0       0       0       0       0       0       0       0       0       0       0       0       0       0       0       0       0       0       0       0
Total ram usage:       25 bytes
 Hardware stack levels used:    1
 Hardware stack levels required when called:    3
 This function calls:
		Nothing
 This function is called by:
		_initial_count
		_scale_read
		_filtrar_seccion_iir
 This function uses a non-reentrant model


 *************** function _start_tx *****************
 Defined at:
		line 127 in file "uart.c"
 Parameters:    Size  Location     Type
		None
 Auto vars:     Size  Location     Type
		None
 Return value:  Size  Location     Type
                  1    wreg      void 
 Registers used:
		None
 Tracked objects:
		On entry : 
		On exit  : 
		Unchanged: 
 Data sizes:     COMRAM   BANK0   BANK1   BANK2   BANK3   BANK4   BANK5   BANK6   BANK7   BANK8   BANK9  BANK10  BANK11  BANK12  BANK13  BANK14  BANK15  BANK16  BANK17  BANK18  BANK19  BANK20  BANK21  BANK22  BANK23  BANK24  BANK25  BANK26  BANK27  BANK28  BANK29  BANK30  BANK31
      Params:         0       0       0       0       0       0       0       0       0       0       0       0       0       0       0       0       0       0       0       0       0       0       0       0       0       0       0       0       0       0       0       0       0
      Locals:         0       0       0       0       0       0       0       0       0       0       0       0       0       0       0       0       0       0       0       0       0       0       0       0       0       0       0       0       0       0       0       0       0
      Temps:          0       0       0       0       0       0       0       0       0       0       0       0       0       0       0       0       0       0       0       0       0       0       0       0       0       0       0       0       0       0       0       0       0
      Totals:         0       0       0       0       0       0       0       0       0       0       0       0       0       0       0       0       0       0       0       0       0       0       0       0       0       0       0       0       0       0       0       0       0
Total ram usage:        0 bytes
 Hardware stack levels used:    1
 Hardware stack levels required when called:    3
 This function calls:
		Nothing
 This function is called by:
		_main
 This function uses a non-reentrant model


 *************** function _multiplo *****************
 Defined at:
		line 44 in file "timer0.c"
 Parameters:    Size  Location     Type
  Ts              2   28[BANK0 ] PTR float 
		 -> Ts(4), 
  des_Ts          2   30[BANK0 ] PTR float 
		 -> des_Ts2(4), des_Ts(4), 
 Auto vars:     Size  Location     Type
		None
 Return value:  Size  Location     Type
                  2   28[BANK0 ] unsigned short 
 Registers used:
		wreg, fsr2l, fsr2h, status,2, status,0, cstack
 Tracked objects:
		On entry : 
		On exit  : 
		Unchanged: 
 Data sizes:     COMRAM   BANK0   BANK1   BANK2   BANK3   BANK4   BANK5   BANK6   BANK7   BANK8   BANK9  BANK10  BANK11  BANK12  BANK13  BANK14  BANK15  BANK16  BANK17  BANK18  BANK19  BANK20  BANK21  BANK22  BANK23  BANK24  BANK25  BANK26  BANK27  BANK28  BANK29  BANK30  BANK31
      Params:         0       4       0       0       0       0       0       0       0       0       0       0       0       0       0       0       0       0       0       0       0       0       0       0       0       0       0       0       0       0       0       0       0
      Locals:         0       0       0       0       0       0       0       0       0       0       0       0       0       0       0       0       0       0       0       0       0       0       0       0       0       0       0       0       0       0       0       0       0
      Temps:          0       0       0       0       0       0       0       0       0       0       0       0       0       0       0       0       0       0       0       0       0       0       0       0       0       0       0       0       0       0       0       0       0
      Totals:         0       4       0       0       0       0       0       0       0       0       0       0       0       0       0       0       0       0       0       0       0       0       0       0       0       0       0       0       0       0       0       0       0
Total ram usage:        4 bytes
 Hardware stack levels used:    1
 Hardware stack levels required when called:    4
 This function calls:
		___fldiv
		___fltol
 This function is called by:
		_main
 This function uses a non-reentrant model


 *************** function ___fltol *****************
 Defined at:
		line 43 in file "C:\Program Files\Microchip\xc8\v2.31\pic\sources\c99\common\fltol.c"
 Parameters:    Size  Location     Type
  f1              4   20[BANK0 ] unsigned short 
 Auto vars:     Size  Location     Type
  exp1            1   61[COMRAM] unsigned char 
  sign1           1   60[COMRAM] unsigned char 
 Return value:  Size  Location     Type
                  4   20[BANK0 ] long 
 Registers used:
		wreg, status,2, status,0
 Tracked objects:
		On entry : 
		On exit  : 
		Unchanged: 
 Data sizes:     COMRAM   BANK0   BANK1   BANK2   BANK3   BANK4   BANK5   BANK6   BANK7   BANK8   BANK9  BANK10  BANK11  BANK12  BANK13  BANK14  BANK15  BANK16  BANK17  BANK18  BANK19  BANK20  BANK21  BANK22  BANK23  BANK24  BANK25  BANK26  BANK27  BANK28  BANK29  BANK30  BANK31
      Params:         0       4       0       0       0       0       0       0       0       0       0       0       0       0       0       0       0       0       0       0       0       0       0       0       0       0       0       0       0       0       0       0       0
      Locals:         2       0       0       0       0       0       0       0       0       0       0       0       0       0       0       0       0       0       0       0       0       0       0       0       0       0       0       0       0       0       0       0       0
      Temps:          0       4       0       0       0       0       0       0       0       0       0       0       0       0       0       0       0       0       0       0       0       0       0       0       0       0       0       0       0       0       0       0       0
      Totals:         2       8       0       0       0       0       0       0       0       0       0       0       0       0       0       0       0       0       0       0       0       0       0       0       0       0       0       0       0       0       0       0       0
Total ram usage:       10 bytes
 Hardware stack levels used:    1
 Hardware stack levels required when called:    3
 This function calls:
		Nothing
 This function is called by:
		_initial_count
		_multiplo
		_uart_config
		_scale_read
		_filtrar_iir
 This function uses a non-reentrant model


 *************** function ___fldiv *****************
 Defined at:
		line 11 in file "C:\Program Files\Microchip\xc8\v2.31\pic\sources\c99\common\sprcdiv.c"
 Parameters:    Size  Location     Type
  b               4   31[COMRAM] long 
  a               4   35[COMRAM] long 
 Auto vars:     Size  Location     Type
  grs             4   50[COMRAM] unsigned long 
  rem             4   43[COMRAM] unsigned long 
  new_exp         2   48[COMRAM] short 
  aexp            1   55[COMRAM] unsigned char 
  bexp            1   54[COMRAM] unsigned char 
  sign            1   47[COMRAM] unsigned char 
 Return value:  Size  Location     Type
                  4   31[COMRAM] unsigned char 
 Registers used:
		wreg, status,2, status,0
 Tracked objects:
		On entry : 
		On exit  : 
		Unchanged: 
 Data sizes:     COMRAM   BANK0   BANK1   BANK2   BANK3   BANK4   BANK5   BANK6   BANK7   BANK8   BANK9  BANK10  BANK11  BANK12  BANK13  BANK14  BANK15  BANK16  BANK17  BANK18  BANK19  BANK20  BANK21  BANK22  BANK23  BANK24  BANK25  BANK26  BANK27  BANK28  BANK29  BANK30  BANK31
      Params:         8       0       0       0       0       0       0       0       0       0       0       0       0       0       0       0       0       0       0       0       0       0       0       0       0       0       0       0       0       0       0       0       0
      Locals:        13       0       0       0       0       0       0       0       0       0       0       0       0       0       0       0       0       0       0       0       0       0       0       0       0       0       0       0       0       0       0       0       0
      Temps:          4       0       0       0       0       0       0       0       0       0       0       0       0       0       0       0       0       0       0       0       0       0       0       0       0       0       0       0       0       0       0       0       0
      Totals:        25       0       0       0       0       0       0       0       0       0       0       0       0       0       0       0       0       0       0       0       0       0       0       0       0       0       0       0       0       0       0       0       0
Total ram usage:       25 bytes
 Hardware stack levels used:    1
 Hardware stack levels required when called:    3
 This function calls:
		Nothing
 This function is called by:
		_timer0_config
		_multiplo
		_uart_config
 This function uses a non-reentrant model


 *************** function _bcd_2_hexascii *****************
 Defined at:
		line 31 in file "uart.c"
 Parameters:    Size  Location     Type
  number          2   17[COMRAM] unsigned short 
  digits_ascii    2   19[COMRAM] PTR unsigned char 
		 -> lecturas_ascii(13), 
  desfase         1   21[COMRAM] unsigned char 
 Auto vars:     Size  Location     Type
  dig2            1   33[COMRAM] unsigned char 
  dig1            1   32[COMRAM] unsigned char 
  dig0            1   31[COMRAM] unsigned char 
 Return value:  Size  Location     Type
                  1    wreg      void 
 Registers used:
		wreg, fsr2l, fsr2h, status,2, status,0
 Tracked objects:
		On entry : 
		On exit  : 
		Unchanged: 
 Data sizes:     COMRAM   BANK0   BANK1   BANK2   BANK3   BANK4   BANK5   BANK6   BANK7   BANK8   BANK9  BANK10  BANK11  BANK12  BANK13  BANK14  BANK15  BANK16  BANK17  BANK18  BANK19  BANK20  BANK21  BANK22  BANK23  BANK24  BANK25  BANK26  BANK27  BANK28  BANK29  BANK30  BANK31
      Params:         5       0       0       0       0       0       0       0       0       0       0       0       0       0       0       0       0       0       0       0       0       0       0       0       0       0       0       0       0       0       0       0       0
      Locals:         9       0       0       0       0       0       0       0       0       0       0       0       0       0       0       0       0       0       0       0       0       0       0       0       0       0       0       0       0       0       0       0       0
      Temps:          3       0       0       0       0       0       0       0       0       0       0       0       0       0       0       0       0       0       0       0       0       0       0       0       0       0       0       0       0       0       0       0       0
      Totals:        17       0       0       0       0       0       0       0       0       0       0       0       0       0       0       0       0       0       0       0       0       0       0       0       0       0       0       0       0       0       0       0       0
Total ram usage:       17 bytes
 Hardware stack levels used:    1
 Hardware stack levels required when called:    3
 This function calls:
		Nothing
 This function is called by:
		_main
 This function uses a non-reentrant model


 *************** function _adc_config *****************
 Defined at:
		line 15 in file "adc.c"
 Parameters:    Size  Location     Type
  interrupt_en    1    wreg     unsigned char 
 Auto vars:     Size  Location     Type
  interrupt_en    1   17[COMRAM] unsigned char 
 Return value:  Size  Location     Type
[...]
Total ram usage:        0 bytes
 Hardware stack levels used:    1
 Hardware stack levels required when called:    3
 This function calls:
		Nothing
 This function is called by:
		_SYSTEM_Initialize
 This function uses a non-reentrant model


 *************** function _OSCILLATOR_Initialize *****************
 Defined at:
		line 58 in file "mcc_generated_files/mcc.c"
 Parameters:    Size  Location     Type
		None
 Auto vars:     Size  Location     Type
		None
 Return value:  Size  Location     Type
                  1    wreg      void 
 Registers used:
		wreg, status,2
 Tracked objects:
		On entry : 
		On exit  : 
		Unchanged: 
 Data sizes:     COMRAM   BANK0   BANK1   BANK2   BANK3   BANK4   BANK5   BANK6   BANK7   BANK8   BANK9  BANK10  BANK11  BANK12  BANK13  BANK14  BANK15  BANK16  BANK17  BANK18  BANK19  BANK20  BANK21  BANK22  BANK23  BANK24  BANK25  BANK26  BANK27  BANK28  BANK29  BANK30  BANK31
      Params:         0       0       0       0       0       0       0       0       0       0       0       0       0       0       0       0       0       0       0       0       0       0       0       0       0       0       0       0       0       0       0       0       0
      Locals:         0       0       0       0       0       0       0       0       0       0       0       0       0       0       0       0       0       0       0       0       0       0       0       0       0       0       0       0       0       0       0       0       0
      Temps:          0       0       0       0       0       0       0       0       0       0       0       0       0       0       0       0       0       0       0       0       0       0       0       0       0       0       0       0       0       0       0       0       0
      Totals:         0       0       0       0       0       0       0       0       0       0       0       0       0       0       0       0       0       0       0       0       0       0       0       0       0       0       0       0       0       0       0       0       0
Total ram usage:        0 bytes
 Hardware stack levels used:    1
 Hardware stack levels required when called:    3
 This function calls:
		Nothing
 This function is called by:
		_SYSTEM_Initialize
 This function uses a non-reentrant model


 *************** function _ISR *****************
 Defined at:
		line 142 in file "main.c"
 Parameters:    Size  Location     Type
		None
 Auto vars:     Size  Location     Type
		None
 Return value:  Size  Location     Type
                  1    wreg      void 
 Registers used:
		wreg, fsr2l, fsr2h, status,2, status,0, prodl, prodh, cstack
 Tracked objects:
		On entry : 
		On exit  : 
		Unchanged: 
 Data sizes:     COMRAM   BANK0   BANK1   BANK2   BANK3   BANK4   BANK5   BANK6   BANK7   BANK8   BANK9  BANK10  BANK11  BANK12  BANK13  BANK14  BANK15  BANK16  BANK17  BANK18  BANK19  BANK20  BANK21  BANK22  BANK23  BANK24  BANK25  BANK26  BANK27  BANK28  BANK29  BANK30  BANK31
      Params:         0       0       0       0       0       0       0       0       0       0       0       0       0       0       0       0       0       0       0       0       0       0       0       0       0       0       0       0       0       0       0       0       0
      Locals:         0       0       0       0       0       0       0       0       0       0       0       0       0       0       0       0       0       0       0       0       0       0       0       0       0       0       0       0       0       0       0       0       0
      Temps:          0       0       0       0       0       0       0       0       0       0       0       0       0       0       0       0       0       0       0       0       0       0       0       0       0       0       0       0       0       0       0       0       0
      Totals:         0       0       0       0       0       0       0       0       0       0       0       0       0       0       0       0       0       0       0       0       0       0       0       0       0       0       0       0       0       0       0       0       0
Total ram usage:        0 bytes
 Hardware stack levels used:    1
 Hardware stack levels required when called:    2
 This function calls:
		_read_n_adc
		_send_buffer
		_start_conversion
		_timer0_reset
 This function is called by:
		Interrupt level 2
 This function uses a non-reentrant model


 *************** function _timer0_reset *****************
 Defined at:
		line 37 in file "timer0.c"
 Parameters:    Size  Location     Type
		None
 Auto vars:     Size  Location     Type
		None
 Return value:  Size  Location     Type
                  1    wreg      void 
 Registers used:
		wreg, status,2
 Tracked objects:
		On entry : 
		On exit  : 
		Unchanged: 
 Data sizes:     COMRAM   BANK0   BANK1   BANK2   BANK3   BANK4   BANK5   BANK6   BANK7   BANK8   BANK9  BANK10  BANK11  BANK12  BANK13  BANK14  BANK15  BANK16  BANK17  BANK18  BANK19  BANK20  BANK21  BANK22  BANK23  BANK24  BANK25  BANK26  BANK27  BANK28  BANK29  BANK30  BANK31
      Params:         0       0       0       0       0       0       0       0       0       0       0       0       0       0       0       0       0       0       0       0       0       0       0       0       0       0       0       0       0       0       0       0       0
      Locals:         0       0       0       0       0       0       0       0       0       0       0       0       0       0       0       0       0       0       0       0       0       0       0       0       0       0       0       0       0       0       0       0       0
      Temps:          0       0       0       0       0       0       0       0       0       0       0       0       0       0       0       0       0       0       0       0       0       0       0       0       0       0       0       0       0       0       0       0       0
      Totals:         0       0       0       0       0       0       0       0       0       0       0       0       0       0       0       0       0       0       0       0       0       0       0       0       0       0       0       0       0       0       0       0       0
Total ram usage:        0 bytes
 Hardware stack levels used:    1
 This function calls:
		Nothing
 This function is called by:
		_ISR
 This function uses a non-reentrant model


 *************** function _send_buffer *****************
 Defined at:
		line 106 in file "uart.c"
 Parameters:    Size  Location     Type
  bytes_2_sent    1    wreg     unsigned char 
  array           2    1[COMRAM] PTR unsigned char 
		 -> lecturas_ascii(13), 
 Auto vars:     Size  Location     Type
  bytes_2_sent    1    5[COMRAM] unsigned char 
 Return value:  Size  Location     Type
                  1    wreg      void 
 Registers used:
		wreg, fsr2l, fsr2h, status,2, status,0, cstack
 Tracked objects:
		On entry : 
		On exit  : 
		Unchanged: 
 Data sizes:     COMRAM   BANK0   BANK1   BANK2   BANK3   BANK4   BANK5   BANK6   BANK7   BANK8   BANK9  BANK10  BANK11  BANK12  BANK13  BANK14  BANK15  BANK16  BANK17  BANK18  BANK19  BANK20  BANK21  BANK22  BANK23  BANK24  BANK25  BANK26  BANK27  BANK28  BANK29  BANK30  BANK31
      Params:         2       0       0       0       0       0       0       0       0       0       0       0       0       0       0       0       0       0       0       0       0       0       0       0       0       0       0       0       0       0       0       0       0
      Locals:         1       0       0       0       0       0       0       0       0       0       0       0       0       0       0       0       0       0       0       0       0       0       0       0       0       0       0       0       0       0       0       0       0
      Temps:          2       0       0       0       0       0       0       0       0       0       0       0       0       0       0       0       0       0       0       0       0       0       0       0       0       0       0       0       0       0       0       0       0
      Totals:         5       0       0       0       0       0       0       0       0       0       0       0       0       0       0       0       0       0       0       0       0       0       0       0       0       0       0       0       0       0       0       0       0
Total ram usage:        5 bytes
 Hardware stack levels used:    1
 Hardware stack levels required when called:    1
 This function calls:
		_uart_tx
 This function is called by:
		_ISR
 This function uses a non-reentrant model


 *************** function _uart_tx *****************
 Defined at:
		line 89 in file "uart.c"
 Parameters:    Size  Location     Type
  data            1    wreg     unsigned char 
 Auto vars:     Size  Location     Type
  data            1    0[COMRAM] unsigned char 
 Return value:  Size  Location     Type
                  1    wreg      void 
 Registers used:
		wreg
 Tracked objects:
		On entry : 
		On exit  : 
		Unchanged: 
 Data sizes:     COMRAM   BANK0   BANK1   BANK2   BANK3   BANK4   BANK5   BANK6   BANK7   BANK8   BANK9  BANK10  BANK11  BANK12  BANK13  BANK14  BANK15  BANK16  BANK17  BANK18  BANK19  BANK20  BANK21  BANK22  BANK23  BANK24  BANK25  BANK26  BANK27  BANK28  BANK29  BANK30  BANK31
      Params:         0       0       0       0       0       0       0       0       0       0       0       0       0       0       0       0       0       0       0       0       0       0       0       0       0       0       0       0       0       0       0       0       0
      Locals:         1       0       0       0       0       0       0       0       0       0       0       0       0       0       0       0       0       0       0       0       0       0       0       0       0       0       0       0       0       0       0       0       0
      Temps:          0       0       0       0       0       0       0       0       0       0       0       0       0       0       0       0       0       0       0       0       0       0       0       0       0       0       0       0       0       0       0       0       0
      Totals:         1       0       0       0       0       0       0       0       0       0       0       0       0       0       0       0       0       0       0       0       0       0       0       0       0       0       0       0       0       0       0       0       0
Total ram usage:        1 bytes
 Hardware stack levels used:    1
 This function calls:
		Nothing
 This function is called by:
		_send_buffer
 This function uses a non-reentrant model


 *************** function _read_n_adc *****************
 Defined at:
		line 68 in file "adc.c"
 Parameters:    Size  Location     Type
  lecturas        2    6[COMRAM] PTR unsigned long 
		 -> lecturas(12), 
  canal_actual    2    8[COMRAM] PTR unsigned char 
		 -> canal_actual(1), 
  n_canales       1   10[COMRAM] unsigned char 
 Auto vars:     Size  Location     Type
		None
 Return value:  Size  Location     Type
                  1    wreg      unsigned char 
 Registers used:
		wreg, fsr2l, fsr2h, status,2, status,0, prodl, prodh, cstack
 Tracked objects:
		On entry : 
		On exit  : 
		Unchanged: 
 Data sizes:     COMRAM   BANK0   BANK1   BANK2   BANK3   BANK4   BANK5   BANK6   BANK7   BANK8   BANK9  BANK10  BANK11  BANK12  BANK13  BANK14  BANK15  BANK16  BANK17  BANK18  BANK19  BANK20  BANK21  BANK22  BANK23  BANK24  BANK25  BANK26  BANK27  BANK28  BANK29  BANK30  BANK31
      Params:         5       0       0       0       0       0       0       0       0       0       0       0       0       0       0       0       0       0       0       0       0       0       0       0       0       0       0       0       0       0       0       0       0
      Locals:         0       0       0       0       0       0       0       0       0       0       0       0       0       0       0       0       0       0       0       0       0       0       0       0       0       0       0       0       0       0       0       0       0
      Temps:          6       0       0       0       0       0       0       0       0       0       0       0       0       0       0       0       0       0       0       0       0       0       0       0       0       0       0       0       0       0       0       0       0
      Totals:        11       0       0       0       0       0       0       0       0       0       0       0       0       0       0       0       0       0       0       0       0       0       0       0       0       0       0       0       0       0       0       0       0
Total ram usage:       11 bytes
 Hardware stack levels used:    1
 Hardware stack levels required when called:    1
 This function calls:
		_read_adc
		_start_conversion
 This function is called by:
		_ISR
 This function uses a non-reentrant model


 *************** function _start_conversion *****************
 Defined at:
		line 40 in file "adc.c"
 Parameters:    Size  Location     Type
  channel         1    wreg     unsigned char 
 Auto vars:     Size  Location     Type
  channel         1    0[COMRAM] unsigned char 
 Return value:  Size  Location     Type
                  1    wreg      void 
 Registers used:
		wreg, status,2, status,0
 Tracked objects:
		On entry : 
		On exit  : 
		Unchanged: 
 Data sizes:     COMRAM   BANK0   BANK1   BANK2   BANK3   BANK4   BANK5   BANK6   BANK7   BANK8   BANK9  BANK10  BANK11  BANK12  BANK13  BANK14  BANK15  BANK16  BANK17  BANK18  BANK19  BANK20  BANK21  BANK22  BANK23  BANK24  BANK25  BANK26  BANK27  BANK28  BANK29  BANK30  BANK31
      Params:         0       0       0       0       0       0       0       0       0       0       0       0       0       0       0       0       0       0       0       0       0       0       0       0       0       0       0       0       0       0       0       0       0
      Locals:         1       0       0       0       0       0       0       0       0       0       0       0       0       0       0       0       0       0       0       0       0       0       0       0       0       0       0       0       0       0       0       0       0
      Temps:          0       0       0       0       0       0       0       0       0       0       0       0       0       0       0       0       0       0       0       0       0       0       0       0       0       0       0       0       0       0       0       0       0
      Totals:         1       0       0       0       0       0       0       0       0       0       0       0       0       0       0       0       0       0       0       0       0       0       0       0       0       0       0       0       0       0       0       0       0
Total ram usage:        1 bytes
 Hardware stack levels used:    1
 This function calls:
		Nothing
 This function is called by:
		_ISR
		_read_n_adc
 This function uses a non-reentrant model


 *************** function _read_adc *****************
 Defined at:
		line 50 in file "adc.c"
 Parameters:    Size  Location     Type
		None
 Auto vars:     Size  Location     Type
  result          2    4[COMRAM] unsigned short 
 Return value:  Size  Location     Type
                  2    0[COMRAM] unsigned short 
 Registers used:
		wreg, status,2, status,0
 Tracked objects:
		On entry : 
		On exit  : 
		Unchanged: 
 Data sizes:     COMRAM   BANK0   BANK1   BANK2   BANK3   BANK4   BANK5   BANK6   BANK7   BANK8   BANK9  BANK10  BANK11  BANK12  BANK13  BANK14  BANK15  BANK16  BANK17  BANK18  BANK19  BANK20  BANK21  BANK22  BANK23  BANK24  BANK25  BANK26  BANK27  BANK28  BANK29  BANK30  BANK31
      Params:         2       0       0       0       0       0       0       0       0       0       0       0       0       0       0       0       0       0       0       0       0       0       0       0       0       0       0       0       0       0       0       0       0
      Locals:         2       0       0       0       0       0       0       0       0       0       0       0       0       0       0       0       0       0       0       0       0       0       0       0       0       0       0       0       0       0       0       0       0
      Temps:          2       0       0       0       0       0       0       0       0       0       0       0       0       0       0       0       0       0       0       0       0       0       0       0       0       0       0       0       0       0       0       0       0
      Totals:         6       0       0       0       0       0       0       0       0       0       0       0       0       0       0       0       0       0       0       0       0       0       0       0       0       0       0       0       0       0       0       0       0
Total ram usage:        6 bytes
 Hardware stack levels used:    1
 This function calls:
		Nothing
 This function is called by:
		_read_n_adc
 This function uses a non-reentrant model



MODULE INFORMATION

Module		Function		Class		Link	Load	Size
C:\Program Files\Microchip\xc8\v2.31\pic\sources\c99\common\sprcadd.c
		___flsub       		CODE           	38FE	0000	72
		___fladd       		CODE           	2008	0000	1218

C:\Program Files\Microchip\xc8\v2.31\pic\sources\c99\common\sprcadd.c estimated size: 1290

uart.c
		_uart_config   		CODE           	33E6	0000	208
		_uart_tx       		CODE           	3A3E	0000	10
		_start_tx      		CODE           	3A48	0000	6
		_send_buffer   		CODE           	37F4	0000	104
		_bcd_2_hexascii		CODE           	31C4	0000	282

uart.c estimated size: 610

C:\Program Files\Microchip\xc8\v2.31\pic\sources\c99\common\xxtofl.c
		___xxtofl      		CODE           	2E80	0000	436

C:\Program Files\Microchip\xc8\v2.31\pic\sources\c99\common\xxtofl.c estimated size: 436

mcc_generated_files/pin_manager.c
		_PIN_MANAGER_Initialize		CODE           	3618	0000	160

mcc_generated_files/pin_manager.c estimated size: 160

mcc_generated_files/spi1.c
		_SPI1_Initialize		CODE           	396E	0000	38

mcc_generated_files/spi1.c estimated size: 38

timer0.c
		_multiplo      		CODE           	36B8	0000	106
		_timer0_reset  		CODE           	3A2C	0000	18
		_timer0_config 		CODE           	385C	0000	84
		_initial_count 		CODE           	378C	0000	104

timer0.c estimated size: 312

adc.c
		_voltage_ref_config		CODE           	3A08	0000	18
		_adc_config    		CODE           	38B0	0000	78
		_start_conversion		CODE           	39F4	0000	20
		_read_adc      		CODE           	3946	0000	40
		_read_n_adc    		CODE           	34B6	0000	184

adc.c estimated size: 340

shared
		__initialization		CODE           	356E	0000	156
		_spi1_configuration		SMALLCONST     	0000	0000	0

shared estimated size: 156

mcc_generated_files/mcc.c
		_PMD_Initialize		CODE           	3994	0000	36
		_OSCILLATOR_Initialize		CODE           	39DC	0000	24
		_SYSTEM_Initialize		CODE           	3A1A	0000	18

mcc_generated_files/mcc.c estimated size: 78

C:\Program Files\Microchip\xc8\v2.31\pic\sources\c99\common\sprcmul.c
		___flmul       		CODE           	24CA	0000	1102

C:\Program Files\Microchip\xc8\v2.31\pic\sources\c99\common\sprcmul.c estimated size: 1102

C:\Program Files\Microchip\xc8\v2.31\pic\sources\c99\common\sprcdiv.c
		___fldiv       		CODE           	2918	0000	922

C:\Program Files\Microchip\xc8\v2.31\pic\sources\c99\common\sprcdiv.c estimated size: 922

C:\Program Files\Microchip\xc8\v2.31\pic\sources\c99\common\fltol.c
		___fltol       		CODE           	32DE	0000	264

C:\Program Files\Microchip\xc8\v2.31\pic\sources\c99\common\fltol.c estimated size: 264

main.c
		_ISR           		CODE           	3722	0000	106
		_main          		CODE           	2CB2	0000	462

main.c estimated size: 568

